******************************************************************************
            TI ARM Clang Linker PC v3.2.2                      
******************************************************************************
>> Linked Tue Aug 27 08:14:20 2024

OUTPUT FILE NAME:   <DDS.out>
ENTRY POINT SYMBOL: "_c_int00_noinit_noargs"  address: 00000409


MEMORY CONFIGURATION

         name            origin    length      used     unused   attr    fill
----------------------  --------  ---------  --------  --------  ----  --------
  FLASH                 00000000   00020000  00000450  0001fbb0  R  X
  SRAM                  20200000   00008000  00000200  00007e00  RW X
  BCR_CONFIG            41c00000   00000080  00000000  00000080  R   
  BSL_CONFIG            41c00100   00000080  00000000  00000080  R   


SEGMENT ALLOCATION MAP

run origin  load origin   length   init length attrs members
----------  ----------- ---------- ----------- ----- -------
00000000    00000000    00000450   00000450    r-x
  00000000    00000000    000000c0   000000c0    r-- .intvecs
  000000c0    000000c0    00000390   00000390    r-x .text
20207e00    20207e00    00000200   00000000    rw-
  20207e00    20207e00    00000200   00000000    rw- .stack


SECTION ALLOCATION MAP

 output                                  attributes/
section   page    origin      length       input sections
--------  ----  ----------  ----------   ----------------
.intvecs   0    00000000    000000c0     
                  00000000    000000c0     startup_mspm0g350x_ticlang.o (.intvecs)

.text      0    000000c0    00000390     
                  000000c0    00000118     empty.o (.text.AD9851_write_parallel)
                  000001d8    000000c0     empty.o (.text.AD9851_init)
                  00000298    00000090     empty.o (.text.AD9851_ddsout)
                  00000328    00000048     ti_msp_dl_config.o (.text.SYSCFG_DL_GPIO_init)
                  00000370    00000040     ti_msp_dl_config.o (.text.SYSCFG_DL_SYSCTL_init)
                  000003b0    0000002c     ti_msp_dl_config.o (.text.SYSCFG_DL_initPower)
                  000003dc    0000002c     empty.o (.text.main)
                  00000408    00000020     libc.a : boot_cortex_m.c.obj (.text:_c_int00_noinit_noargs)
                  00000428    00000010     ti_msp_dl_config.o (.text.SYSCFG_DL_init)
                  00000438    0000000a     driverlib.a : dl_common.o (.text.DL_Common_delayCycles)
                  00000442    00000004     startup_mspm0g350x_ticlang.o (.text.Reset_Handler)
                  00000446    00000004     libc.a : pre_init.c.obj (.text._system_pre_init)
                  0000044a    00000004            : exit.c.obj (.text:abort)
                  0000044e    00000002     startup_mspm0g350x_ticlang.o (.text.Default_Handler)

.cinit     0    00000000    00000000     

.init_array 
*          0    00000000    00000000     UNINITIALIZED

.binit     0    00000000    00000000     

.stack     0    20207e00    00000200     UNINITIALIZED
                  20207e00    00000004     libc.a : boot_cortex_m.c.obj (.stack)
                  20207e04    000001fc     --HOLE--

__llvm_prf_cnts 
*          0    20200000    00000000     UNINITIALIZED

__llvm_prf_bits 
*          0    20200000    00000000     UNINITIALIZED

MODULE SUMMARY

       Module                         code   ro data   rw data
       ------                         ----   -------   -------
    .\
       empty.o                        660    0         0      
       startup_mspm0g350x_ticlang.o   6      192       0      
       ti_msp_dl_config.o             196    0         0      
    +--+------------------------------+------+---------+---------+
       Total:                         862    192       0      
                                                              
    E:/ti/mspm0_sdk_2_01_00_03/source/ti/driverlib/lib/ticlang/m0p/mspm0g1x0x_g3x0x/driverlib.a
       dl_common.o                    10     0         0      
    +--+------------------------------+------+---------+---------+
       Total:                         10     0         0      
                                                              
    E:\ti\ccstheia141\ccs\tools\compiler\ti-cgt-armllvm_3.2.2.LTS\lib\armv6m-ti-none-eabi/c/libc.a
       boot_cortex_m.c.obj            32     0         0      
       exit.c.obj                     4      0         0      
       pre_init.c.obj                 4      0         0      
    +--+------------------------------+------+---------+---------+
       Total:                         40     0         0      
                                                              
       Stack:                         0      0         512    
    +--+------------------------------+------+---------+---------+
       Grand Total:                   912    192       512    


GLOBAL SYMBOLS: SORTED ALPHABETICALLY BY Name 

address   name                    
-------   ----                    
00000299  AD9851_ddsout           
000001d9  AD9851_init             
000000c1  AD9851_write_parallel   
0000044f  ADC0_IRQHandler         
0000044f  ADC1_IRQHandler         
0000044f  AES_IRQHandler          
0000044a  C$$EXIT                 
0000044f  CANFD0_IRQHandler       
0000044f  DAC0_IRQHandler         
00000439  DL_Common_delayCycles   
0000044f  DMA_IRQHandler          
0000044f  Default_Handler         
0000044f  GROUP0_IRQHandler       
0000044f  GROUP1_IRQHandler       
0000044f  HardFault_Handler       
0000044f  I2C0_IRQHandler         
0000044f  I2C1_IRQHandler         
0000044f  NMI_Handler             
0000044f  PendSV_Handler          
0000044f  RTC_IRQHandler          
00000443  Reset_Handler           
0000044f  SPI0_IRQHandler         
0000044f  SPI1_IRQHandler         
0000044f  SVC_Handler             
00000329  SYSCFG_DL_GPIO_init     
00000371  SYSCFG_DL_SYSCTL_init   
00000429  SYSCFG_DL_init          
000003b1  SYSCFG_DL_initPower     
0000044f  SysTick_Handler         
0000044f  TIMA0_IRQHandler        
0000044f  TIMA1_IRQHandler        
0000044f  TIMG0_IRQHandler        
0000044f  TIMG12_IRQHandler       
0000044f  TIMG6_IRQHandler        
0000044f  TIMG7_IRQHandler        
0000044f  TIMG8_IRQHandler        
0000044f  UART0_IRQHandler        
0000044f  UART1_IRQHandler        
0000044f  UART2_IRQHandler        
0000044f  UART3_IRQHandler        
20208000  __STACK_END             
00000200  __STACK_SIZE            
00000000  __TI_ATRegion0_region_sz
00000000  __TI_ATRegion0_src_addr 
00000000  __TI_ATRegion0_trg_addr 
00000000  __TI_ATRegion1_region_sz
00000000  __TI_ATRegion1_src_addr 
00000000  __TI_ATRegion1_trg_addr 
00000000  __TI_ATRegion2_region_sz
00000000  __TI_ATRegion2_src_addr 
00000000  __TI_ATRegion2_trg_addr 
00000000  __TI_CINIT_Base         
00000000  __TI_CINIT_Limit        
00000000  __TI_CINIT_Warm         
ffffffff  __TI_pprof_out_hndl     
ffffffff  __TI_prof_data_size     
ffffffff  __TI_prof_data_start    
00000000  __TI_static_base__      
ffffffff  __binit__               
UNDEFED   __mpu_init              
20207e00  __stack                 
20200000  __start___llvm_prf_bits 
20200000  __start___llvm_prf_cnts 
20200000  __stop___llvm_prf_bits  
20200000  __stop___llvm_prf_cnts  
00000409  _c_int00_noinit_noargs  
00000447  _system_pre_init        
0000044b  abort                   
ffffffff  binit                   
00000000  interruptVectors        
000003dd  main                    


GLOBAL SYMBOLS: SORTED BY Symbol Address 

address   name                    
-------   ----                    
00000000  __TI_ATRegion0_region_sz
00000000  __TI_ATRegion0_src_addr 
00000000  __TI_ATRegion0_trg_addr 
00000000  __TI_ATRegion1_region_sz
00000000  __TI_ATRegion1_src_addr 
00000000  __TI_ATRegion1_trg_addr 
00000000  __TI_ATRegion2_region_sz
00000000  __TI_ATRegion2_src_addr 
00000000  __TI_ATRegion2_trg_addr 
00000000  __TI_CINIT_Base         
00000000  __TI_CINIT_Limit        
00000000  __TI_CINIT_Warm         
00000000  __TI_static_base__      
00000000  interruptVectors        
000000c1  AD9851_write_parallel   
000001d9  AD9851_init             
00000200  __STACK_SIZE            
00000299  AD9851_ddsout           
00000329  SYSCFG_DL_GPIO_init     
00000371  SYSCFG_DL_SYSCTL_init   
000003b1  SYSCFG_DL_initPower     
000003dd  main                    
00000409  _c_int00_noinit_noargs  
00000429  SYSCFG_DL_init          
00000439  DL_Common_delayCycles   
00000443  Reset_Handler           
00000447  _system_pre_init        
0000044a  C$$EXIT                 
0000044b  abort                   
0000044f  ADC0_IRQHandler         
0000044f  ADC1_IRQHandler         
0000044f  AES_IRQHandler          
0000044f  CANFD0_IRQHandler       
0000044f  DAC0_IRQHandler         
0000044f  DMA_IRQHandler          
0000044f  Default_Handler         
0000044f  GROUP0_IRQHandler       
0000044f  GROUP1_IRQHandler       
0000044f  HardFault_Handler       
0000044f  I2C0_IRQHandler         
0000044f  I2C1_IRQHandler         
0000044f  NMI_Handler             
0000044f  PendSV_Handler          
0000044f  RTC_IRQHandler          
0000044f  SPI0_IRQHandler         
0000044f  SPI1_IRQHandler         
0000044f  SVC_Handler             
0000044f  SysTick_Handler         
0000044f  TIMA0_IRQHandler        
0000044f  TIMA1_IRQHandler        
0000044f  TIMG0_IRQHandler        
0000044f  TIMG12_IRQHandler       
0000044f  TIMG6_IRQHandler        
0000044f  TIMG7_IRQHandler        
0000044f  TIMG8_IRQHandler        
0000044f  UART0_IRQHandler        
0000044f  UART1_IRQHandler        
0000044f  UART2_IRQHandler        
0000044f  UART3_IRQHandler        
20200000  __start___llvm_prf_bits 
20200000  __start___llvm_prf_cnts 
20200000  __stop___llvm_prf_bits  
20200000  __stop___llvm_prf_cnts  
20207e00  __stack                 
20208000  __STACK_END             
ffffffff  __TI_pprof_out_hndl     
ffffffff  __TI_prof_data_size     
ffffffff  __TI_prof_data_start    
ffffffff  __binit__               
ffffffff  binit                   
UNDEFED   __mpu_init              

[71 symbols]
